export const snapshot = {};

snapshot[`secret prompt > should enter a secret 1`] = `
stdout:
"? enter your secret » \\x1b[23G\\x1b[G\\x1b[0J
? enter your secret » ***\\x1b[26G\\x1b[G\\x1b[0J
? enter your secret » ***
\\x1b[?25h\\x1b[?25h"
stderr:
""
`;
