export const snapshot = {};

snapshot[`select prompt > should select an option 1`] = `
stdout:
"? Select an option
‚ùØ Foo
  Bar
  Baz\\x1b[3A\\x1b[0G\\x1b[?25l\\x1b[G\\x1b[0J
? Select an option
  Foo
‚ùØ Bar
  Baz\\x1b[3A\\x1b[0G\\x1b[?25l\\x1b[G\\x1b[0J
? Select an option
  Foo
  Bar
‚ùØ Baz\\x1b[3A\\x1b[0G\\x1b[?25l\\x1b[G\\x1b[0J
? Select an option ‚Ä∫ Baz
\\x1b[?25h\\x1b[?25h"
stderr:
""
`;

snapshot[`select prompt > should search an option 1`] = `
stdout:
"? Select an option üîé 
‚ùØ Foo
  Bar
  Baz\\x1b[3A\\x1b[23G\\x1b[G\\x1b[0J
? Select an option üîé baz
‚ùØ Baz\\x1b[1A\\x1b[26G\\x1b[G\\x1b[0J
? Select an option ‚Ä∫ Baz
\\x1b[?25h\\x1b[?25h"
stderr:
""
`;

snapshot[`select prompt > should format option value 1`] = `
stdout:
"? Message...
‚ùØ 01-01-1970
  01-01-1970\\x1b[2A\\x1b[0G\\x1b[?25l\\x1b[G\\x1b[0J
? Message...
  01-01-1970
‚ùØ 01-01-1970\\x1b[2A\\x1b[0G\\x1b[?25l\\x1b[G\\x1b[0J
? Message... ‚Ä∫ 01-01-1970
\\x1b[?25h\\x1b[?25h"
stderr:
""
`;

snapshot[`select prompt > should support separator option 1`] = `
stdout:
"? Message...
‚ùØ 01-01-1970
  +++++
  01-01-1970\\x1b[3A\\x1b[0G\\x1b[?25l\\x1b[G\\x1b[0J
? Message...
  01-01-1970
  +++++
‚ùØ 01-01-1970\\x1b[3A\\x1b[0G\\x1b[?25l\\x1b[G\\x1b[0J
? Message... ‚Ä∫ 01-01-1970
\\x1b[?25h\\x1b[?25h"
stderr:
""
`;

snapshot[`select prompt > should not select disabled option 1`] = `
stdout:
"? Pick a value
  Value1
‚ùØ Value2
  Value3
  Value4
  Value5
  Value6
  Value7
  Value8
  Value9
  Value10\\x1b[10A\\x1b[0G\\x1b[?25l\\x1b[G\\x1b[0J
? Pick a value
  Value10
  Value11
  Value12
‚ùØ Value13
  Value14
  Value15
  Value16
  Value17
  Value18
  Value19\\x1b[10A\\x1b[0G\\x1b[?25l\\x1b[G\\x1b[0J
? Pick a value
  Value1
  Value2
‚ùØ Value3
  Value4
  Value5
  Value6
  Value7
  Value8
  Value9
  Value10\\x1b[10A\\x1b[0G\\x1b[?25l\\x1b[G\\x1b[0J
? Pick a value
  Value1
‚ùØ Value2
  Value3
  Value4
  Value5
  Value6
  Value7
  Value8
  Value9
  Value10\\x1b[10A\\x1b[0G\\x1b[?25l\\x1b[G\\x1b[0J
? Pick a value
  Value1
‚ùØ Value2
  Value3
  Value4
  Value5
  Value6
  Value7
  Value8
  Value9
  Value10\\x1b[10A\\x1b[0G\\x1b[?25l\\x1b[G\\x1b[0J
? Pick a value ‚Ä∫ Value2
\\x1b[?25h\\x1b[?25h"
stderr:
""
`;
